[winkthemes.tech/themes/templatemonster/theme-particle/index.html]
[backblue.gif]
[fade.gif]
[index.html]
[winkthemes.tech/themes/templatemonster/theme-particle/images/favicon.png]
[winkthemes.tech/themes/templatemonster/theme-particle/css/index.css]
[cdnjs.cloudflare.com/ajax/libs/gsap/3.2.6/gsap.min.js]
[winkthemes.tech/themes/templatemonster/theme-particle/images/willy wonka logo.png]
[winkthemes.tech/themes/templatemonster/theme-particle/images/instagram logo.png]
[winkthemes.tech/themes/templatemonster/theme-particle/images/facebook logo.png]
[winkthemes.tech/themes/templatemonster/theme-particle/images/linkedin logo.png]
[winkthemes.tech/themes/templatemonster/theme-particle/images/twitter logo.png]
[winkthemes.tech/themes/templatemonster/theme-particle/images/mail.png]
[winkthemes.tech/themes/templatemonster/theme-particle/images/call.png]
[winkthemes.tech/themes/templatemonster/theme-particle/images/man.jpg]
[winkthemes.tech/themes/templatemonster/theme-particle/images/gear.png]
[winkthemes.tech/themes/templatemonster/theme-particle/images/about.jpg]
[winkthemes.tech/themes/templatemonster/theme-particle/images/coding.png]
[winkthemes.tech/themes/templatemonster/theme-particle/images/instagram.png]
[winkthemes.tech/themes/templatemonster/theme-particle/images/bulb.png]
[winkthemes.tech/themes/templatemonster/theme-particle/images/copyright.png]
[winkthemes.tech/themes/templatemonster/theme-particle/images/portfolio-first.jpg]
[winkthemes.tech/themes/templatemonster/theme-particle/images/portfolio-second.jpg]
[winkthemes.tech/themes/templatemonster/theme-particle/images/portfolio-third.jpg]
[winkthemes.tech/themes/templatemonster/theme-particle/images/portfolio-fourth.jpg]
[winkthemes.tech/themes/templatemonster/theme-particle/images/post-one.jpg]
[winkthemes.tech/themes/templatemonster/theme-particle/images/post-two.jpg]
[winkthemes.tech/themes/templatemonster/theme-particle/images/post-three.jpg]
[winkthemes.tech/themes/templatemonster/theme-particle/images/post-four.jpg]
[winkthemes.tech/themes/templatemonster/theme-particle/images/post-five.jpg]
[winkthemes.tech/themes/templatemonster/theme-particle/images/post-six.jpg]
[winkthemes.tech/themes/templatemonster/theme-particle/images/icon-name.png]
[winkthemes.tech/themes/templatemonster/theme-particle/images/icon-location.png]
[winkthemes.tech/themes/templatemonster/theme-particle/images/icon-phone.png]
[winkthemes.tech/themes/templatemonster/theme-particle/images/icon-email.png]
[winkthemes.tech/themes/templatemonster/theme-particle/js/jquery.min.js]
[winkthemes.tech/themes/templatemonster/theme-particle/js/particles.js]
[winkthemes.tech/themes/templatemonster/theme-particle/js/particles.min.js]
[winkthemes.tech/themes/templatemonster/theme-particle/index.html]
[winkthemes.tech/themes/templatemonster/theme-particle/js/index.js]
[winkthemes.tech/themes/templatemonster/theme-particle/images/contact-back.jpg]
[winkthemes.tech/themes/templatemonster/theme-particle/css/index.css]
[winkthemes.tech/themes/templatemonster/theme-particle/images/portfolio-second.html]
[winkthemes.tech/themes/templatemonster/theme-particle/js/jquery.min.js]
[winkthemes.tech/themes/templatemonster/theme-particle/GET]
[winkthemes.tech/themes/templatemonster/theme-particle/Error pJS - No image.src]
[winkthemes.tech/themes/templatemonster/theme-particle/js/particles.js]
[winkthemes.tech/themes/templatemonster/theme-particle/js/particles.min.js]
[winkthemes.tech/themes/templatemonster/theme-particle/js/index.js]
[winkthemes.tech/themes/templatemonster/theme-particle/GET.html]
[winkthemes.tech/themes/templatemonster/theme-particle/Error pJS - No image.html]
